<link rel="stylesheet" type="text/css" href="test/fixtures/c.css" />
<link rel="stylesheet" type="text/css" href="test/fixtures/d.css" />
<script src="test/fixtures/a.js"></script>
<script src="test/fixtures/b.js"></script>
