<link rel="stylesheet" type="text/css" href="test/fixtures/c.css" />
<link rel="stylesheet" type="text/css" href="test/fixtures/d.css" />
<link rel="stylesheet" type="text/css" href="//example.com/my/style.css" />
