<script src="test/fixtures/a.js"></script>
<script src="test/fixtures/b.js"></script>
